Archive member included to satisfy reference by file (symbol)

/Applications/STM32CubeIDE.app/Contents/Eclipse/plugins/com.st.stm32cube.ide.mcu.externaltools.gnu-tools-for-stm32.7-2018-q2-update.macos64_1.0.0.201904181610/tools/bin/../lib/gcc/arm-none-eabi/7.3.1/../../../../arm-none-eabi/lib/thumb/v7e-m/fpv4-sp/hard/libc_nano.a(lib_a-errno.o)
                              Core/Src/syscalls.o (__errno)
/Applications/STM32CubeIDE.app/Contents/Eclipse/plugins/com.st.stm32cube.ide.mcu.externaltools.gnu-tools-for-stm32.7-2018-q2-update.macos64_1.0.0.201904181610/tools/bin/../lib/gcc/arm-none-eabi/7.3.1/../../../../arm-none-eabi/lib/thumb/v7e-m/fpv4-sp/hard/libc_nano.a(lib_a-exit.o)
                              /Applications/STM32CubeIDE.app/Contents/Eclipse/plugins/com.st.stm32cube.ide.mcu.externaltools.gnu-tools-for-stm32.7-2018-q2-update.macos64_1.0.0.201904181610/tools/bin/../lib/gcc/arm-none-eabi/7.3.1/../../../../arm-none-eabi/lib/thumb/v7e-m/fpv4-sp/hard/crt0.o (exit)
/Applications/STM32CubeIDE.app/Contents/Eclipse/plugins/com.st.stm32cube.ide.mcu.externaltools.gnu-tools-for-stm32.7-2018-q2-update.macos64_1.0.0.201904181610/tools/bin/../lib/gcc/arm-none-eabi/7.3.1/../../../../arm-none-eabi/lib/thumb/v7e-m/fpv4-sp/hard/libc_nano.a(lib_a-impure.o)
                              /Applications/STM32CubeIDE.app/Contents/Eclipse/plugins/com.st.stm32cube.ide.mcu.externaltools.gnu-tools-for-stm32.7-2018-q2-update.macos64_1.0.0.201904181610/tools/bin/../lib/gcc/arm-none-eabi/7.3.1/../../../../arm-none-eabi/lib/thumb/v7e-m/fpv4-sp/hard/libc_nano.a(lib_a-exit.o) (_global_impure_ptr)
/Applications/STM32CubeIDE.app/Contents/Eclipse/plugins/com.st.stm32cube.ide.mcu.externaltools.gnu-tools-for-stm32.7-2018-q2-update.macos64_1.0.0.201904181610/tools/bin/../lib/gcc/arm-none-eabi/7.3.1/../../../../arm-none-eabi/lib/thumb/v7e-m/fpv4-sp/hard/libc_nano.a(lib_a-init.o)
                              /Applications/STM32CubeIDE.app/Contents/Eclipse/plugins/com.st.stm32cube.ide.mcu.externaltools.gnu-tools-for-stm32.7-2018-q2-update.macos64_1.0.0.201904181610/tools/bin/../lib/gcc/arm-none-eabi/7.3.1/../../../../arm-none-eabi/lib/thumb/v7e-m/fpv4-sp/hard/crt0.o (__libc_init_array)
/Applications/STM32CubeIDE.app/Contents/Eclipse/plugins/com.st.stm32cube.ide.mcu.externaltools.gnu-tools-for-stm32.7-2018-q2-update.macos64_1.0.0.201904181610/tools/bin/../lib/gcc/arm-none-eabi/7.3.1/../../../../arm-none-eabi/lib/thumb/v7e-m/fpv4-sp/hard/libc_nano.a(lib_a-memset.o)
                              /Applications/STM32CubeIDE.app/Contents/Eclipse/plugins/com.st.stm32cube.ide.mcu.externaltools.gnu-tools-for-stm32.7-2018-q2-update.macos64_1.0.0.201904181610/tools/bin/../lib/gcc/arm-none-eabi/7.3.1/../../../../arm-none-eabi/lib/thumb/v7e-m/fpv4-sp/hard/crt0.o (memset)
/Applications/STM32CubeIDE.app/Contents/Eclipse/plugins/com.st.stm32cube.ide.mcu.externaltools.gnu-tools-for-stm32.7-2018-q2-update.macos64_1.0.0.201904181610/tools/bin/../lib/gcc/arm-none-eabi/7.3.1/thumb/v7e-m/fpv4-sp/hard/libgcc.a(_aeabi_uldivmod.o)
                              Drivers/STM32F4xx_HAL_Driver/Src/stm32f4xx_hal_rcc.o (__aeabi_uldivmod)
/Applications/STM32CubeIDE.app/Contents/Eclipse/plugins/com.st.stm32cube.ide.mcu.externaltools.gnu-tools-for-stm32.7-2018-q2-update.macos64_1.0.0.201904181610/tools/bin/../lib/gcc/arm-none-eabi/7.3.1/thumb/v7e-m/fpv4-sp/hard/libgcc.a(_udivmoddi4.o)
                              /Applications/STM32CubeIDE.app/Contents/Eclipse/plugins/com.st.stm32cube.ide.mcu.externaltools.gnu-tools-for-stm32.7-2018-q2-update.macos64_1.0.0.201904181610/tools/bin/../lib/gcc/arm-none-eabi/7.3.1/thumb/v7e-m/fpv4-sp/hard/libgcc.a(_aeabi_uldivmod.o) (__udivmoddi4)
/Applications/STM32CubeIDE.app/Contents/Eclipse/plugins/com.st.stm32cube.ide.mcu.externaltools.gnu-tools-for-stm32.7-2018-q2-update.macos64_1.0.0.201904181610/tools/bin/../lib/gcc/arm-none-eabi/7.3.1/thumb/v7e-m/fpv4-sp/hard/libgcc.a(_dvmd_tls.o)
                              /Applications/STM32CubeIDE.app/Contents/Eclipse/plugins/com.st.stm32cube.ide.mcu.externaltools.gnu-tools-for-stm32.7-2018-q2-update.macos64_1.0.0.201904181610/tools/bin/../lib/gcc/arm-none-eabi/7.3.1/thumb/v7e-m/fpv4-sp/hard/libgcc.a(_aeabi_uldivmod.o) (__aeabi_ldiv0)

Allocating common symbols
Common symbol       size              file

uwTick              0x4               Drivers/STM32F4xx_HAL_Driver/Src/stm32f4xx_hal.o
pFlash              0x20              Drivers/STM32F4xx_HAL_Driver/Src/stm32f4xx_hal_flash.o

Discarded input sections

 .text          0x0000000000000000        0x0 /Applications/STM32CubeIDE.app/Contents/Eclipse/plugins/com.st.stm32cube.ide.mcu.externaltools.gnu-tools-for-stm32.7-2018-q2-update.macos64_1.0.0.201904181610/tools/bin/../lib/gcc/arm-none-eabi/7.3.1/thumb/v7e-m/fpv4-sp/hard/crti.o
[...]
Memory Configuration

Name             Origin             Length             Attributes
CCMRAM           0x0000000010000000 0x0000000000010000 xrw
RAM              0x0000000020000000 0x0000000000030000 xrw
FLASH            0x0000000008000000 0x0000000000200000 xr
*default*        0x0000000000000000 0xffffffffffffffff

Linker script and memory map

LOAD /Applications/STM32CubeIDE.app/Contents/Eclipse/plugins/com.st.stm32cube.ide.mcu.externaltools.gnu-tools-for-stm32.7-2018-q2-update.macos64_1.0.0.201904181610/tools/bin/../lib/gcc/arm-none-eabi/7.3.1/thumb/v7e-m/fpv4-sp/hard/crti.o
LOAD /Applications/STM32CubeIDE.app/Contents/Eclipse/plugins/com.st.stm32cube.ide.mcu.externaltools.gnu-tools-for-stm32.7-2018-q2-update.macos64_1.0.0.201904181610/tools/bin/../lib/gcc/arm-none-eabi/7.3.1/thumb/v7e-m/fpv4-sp/hard/crtbegin.o
LOAD /Applications/STM32CubeIDE.app/Contents/Eclipse/plugins/com.st.stm32cube.ide.mcu.externaltools.gnu-tools-for-stm32.7-2018-q2-update.macos64_1.0.0.201904181610/tools/bin/../lib/gcc/arm-none-eabi/7.3.1/../../../../arm-none-eabi/lib/thumb/v7e-m/fpv4-sp/hard/crt0.o
LOAD Core/Src/main.o
LOAD Core/Src/stm32f4xx_hal_msp.o
LOAD Core/Src/stm32f4xx_it.o
LOAD Core/Src/syscalls.o
LOAD Core/Src/sysmem.o
LOAD Core/Src/system_stm32f4xx.o
LOAD Core/Startup/startup_stm32f429zitx.o
LOAD Drivers/STM32F4xx_HAL_Driver/Src/stm32f4xx_hal.o
LOAD Drivers/STM32F4xx_HAL_Driver/Src/stm32f4xx_hal_cortex.o
LOAD Drivers/STM32F4xx_HAL_Driver/Src/stm32f4xx_hal_dma.o
LOAD Drivers/STM32F4xx_HAL_Driver/Src/stm32f4xx_hal_dma_ex.o
LOAD Drivers/STM32F4xx_HAL_Driver/Src/stm32f4xx_hal_exti.o
LOAD Drivers/STM32F4xx_HAL_Driver/Src/stm32f4xx_hal_flash.o
LOAD Drivers/STM32F4xx_HAL_Driver/Src/stm32f4xx_hal_flash_ex.o
LOAD Drivers/STM32F4xx_HAL_Driver/Src/stm32f4xx_hal_flash_ramfunc.o
LOAD Drivers/STM32F4xx_HAL_Driver/Src/stm32f4xx_hal_gpio.o
LOAD Drivers/STM32F4xx_HAL_Driver/Src/stm32f4xx_hal_pwr.o
LOAD Drivers/STM32F4xx_HAL_Driver/Src/stm32f4xx_hal_pwr_ex.o
LOAD Drivers/STM32F4xx_HAL_Driver/Src/stm32f4xx_hal_rcc.o
LOAD Drivers/STM32F4xx_HAL_Driver/Src/stm32f4xx_hal_rcc_ex.o
LOAD Drivers/STM32F4xx_HAL_Driver/Src/stm32f4xx_hal_tim.o
LOAD Drivers/STM32F4xx_HAL_Driver/Src/stm32f4xx_hal_tim_ex.o
START GROUP
LOAD /Applications/STM32CubeIDE.app/Contents/Eclipse/plugins/com.st.stm32cube.ide.mcu.externaltools.gnu-tools-for-stm32.7-2018-q2-update.macos64_1.0.0.201904181610/tools/bin/../lib/gcc/arm-none-eabi/7.3.1/../../../../arm-none-eabi/lib/thumb/v7e-m/fpv4-sp/hard/libc_nano.a
LOAD /Applications/STM32CubeIDE.app/Contents/Eclipse/plugins/com.st.stm32cube.ide.mcu.externaltools.gnu-tools-for-stm32.7-2018-q2-update.macos64_1.0.0.201904181610/tools/bin/../lib/gcc/arm-none-eabi/7.3.1/../../../../arm-none-eabi/lib/thumb/v7e-m/fpv4-sp/hard/libm.a
END GROUP
START GROUP
LOAD /Applications/STM32CubeIDE.app/Contents/Eclipse/plugins/com.st.stm32cube.ide.mcu.externaltools.gnu-tools-for-stm32.7-2018-q2-update.macos64_1.0.0.201904181610/tools/bin/../lib/gcc/arm-none-eabi/7.3.1/thumb/v7e-m/fpv4-sp/hard/libgcc.a
LOAD /Applications/STM32CubeIDE.app/Contents/Eclipse/plugins/com.st.stm32cube.ide.mcu.externaltools.gnu-tools-for-stm32.7-2018-q2-update.macos64_1.0.0.201904181610/tools/bin/../lib/gcc/arm-none-eabi/7.3.1/../../../../arm-none-eabi/lib/thumb/v7e-m/fpv4-sp/hard/libc_nano.a
END GROUP
START GROUP
LOAD /Applications/STM32CubeIDE.app/Contents/Eclipse/plugins/com.st.stm32cube.ide.mcu.externaltools.gnu-tools-for-stm32.7-2018-q2-update.macos64_1.0.0.201904181610/tools/bin/../lib/gcc/arm-none-eabi/7.3.1/thumb/v7e-m/fpv4-sp/hard/libgcc.a
LOAD /Applications/STM32CubeIDE.app/Contents/Eclipse/plugins/com.st.stm32cube.ide.mcu.externaltools.gnu-tools-for-stm32.7-2018-q2-update.macos64_1.0.0.201904181610/tools/bin/../lib/gcc/arm-none-eabi/7.3.1/../../../../arm-none-eabi/lib/thumb/v7e-m/fpv4-sp/hard/libc_nano.a
LOAD /Applications/STM32CubeIDE.app/Contents/Eclipse/plugins/com.st.stm32cube.ide.mcu.externaltools.gnu-tools-for-stm32.7-2018-q2-update.macos64_1.0.0.201904181610/tools/bin/../lib/gcc/arm-none-eabi/7.3.1/../../../../arm-none-eabi/lib/thumb/v7e-m/fpv4-sp/hard/libnosys.a
END GROUP
START GROUP
LOAD /Applications/STM32CubeIDE.app/Contents/Eclipse/plugins/com.st.stm32cube.ide.mcu.externaltools.gnu-tools-for-stm32.7-2018-q2-update.macos64_1.0.0.201904181610/tools/bin/../lib/gcc/arm-none-eabi/7.3.1/thumb/v7e-m/fpv4-sp/hard/libgcc.a
LOAD /Applications/STM32CubeIDE.app/Contents/Eclipse/plugins/com.st.stm32cube.ide.mcu.externaltools.gnu-tools-for-stm32.7-2018-q2-update.macos64_1.0.0.201904181610/tools/bin/../lib/gcc/arm-none-eabi/7.3.1/../../../../arm-none-eabi/lib/thumb/v7e-m/fpv4-sp/hard/libc_nano.a
LOAD /Applications/STM32CubeIDE.app/Contents/Eclipse/plugins/com.st.stm32cube.ide.mcu.externaltools.gnu-tools-for-stm32.7-2018-q2-update.macos64_1.0.0.201904181610/tools/bin/../lib/gcc/arm-none-eabi/7.3.1/../../../../arm-none-eabi/lib/thumb/v7e-m/fpv4-sp/hard/libnosys.a
END GROUP
LOAD /Applications/STM32CubeIDE.app/Contents/Eclipse/plugins/com.st.stm32cube.ide.mcu.externaltools.gnu-tools-for-stm32.7-2018-q2-update.macos64_1.0.0.201904181610/tools/bin/../lib/gcc/arm-none-eabi/7.3.1/thumb/v7e-m/fpv4-sp/hard/crtend.o
LOAD /Applications/STM32CubeIDE.app/Contents/Eclipse/plugins/com.st.stm32cube.ide.mcu.externaltools.gnu-tools-for-stm32.7-2018-q2-update.macos64_1.0.0.201904181610/tools/bin/../lib/gcc/arm-none-eabi/7.3.1/thumb/v7e-m/fpv4-sp/hard/crtn.o
                0x0000000020030000                _estack = (ORIGIN (RAM) + LENGTH (RAM))
                0x0000000000000200                _Min_Heap_Size = 0x200
                0x0000000000000400                _Min_Stack_Size = 0x400

.isr_vector     0x0000000008000000      0x1ac
                0x0000000008000000                . = ALIGN (0x4)
 *(.isr_vector)
 .isr_vector    0x0000000008000000      0x1ac Core/Startup/startup_stm32f429zitx.o
                0x0000000008000000                g_pfnVectors
                0x00000000080001ac                . = ALIGN (0x4)

.text           0x00000000080001ac     0x1510
                0x00000000080001ac                . = ALIGN (0x4)
 *(.text)
 .text          0x00000000080001ac       0x40 /Applications/STM32CubeIDE.app/Contents/Eclipse/plugins/com.st.stm32cube.ide.mcu.externaltools.gnu-tools-for-stm32.7-2018-q2-update.macos64_1.0.0.201904181610/tools/bin/../lib/gcc/arm-none-eabi/7.3.1/thumb/v7e-m/fpv4-sp/hard/crtbegin.o
 .text          0x00000000080001ec       0x30 /Applications/STM32CubeIDE.app/Contents/Eclipse/plugins/com.st.stm32cube.ide.mcu.externaltools.gnu-tools-for-stm32.7-2018-q2-update.macos64_1.0.0.201904181610/tools/bin/../lib/gcc/arm-none-eabi/7.3.1/thumb/v7e-m/fpv4-sp/hard/libgcc.a(_aeabi_uldivmod.o)
                0x00000000080001ec                __aeabi_uldivmod
 .text          0x000000000800021c      0x2cc /Applications/STM32CubeIDE.app/Contents/Eclipse/plugins/com.st.stm32cube.ide.mcu.externaltools.gnu-tools-for-stm32.7-2018-q2-update.macos64_1.0.0.201904181610/tools/bin/../lib/gcc/arm-none-eabi/7.3.1/thumb/v7e-m/fpv4-sp/hard/libgcc.a(_udivmoddi4.o)
                0x000000000800021c                __udivmoddi4
 .text          0x00000000080004e8        0x4 /Applications/STM32CubeIDE.app/Contents/Eclipse/plugins/com.st.stm32cube.ide.mcu.externaltools.gnu-tools-for-stm32.7-2018-q2-update.macos64_1.0.0.201904181610/tools/bin/../lib/gcc/arm-none-eabi/7.3.1/thumb/v7e-m/fpv4-sp/hard/libgcc.a(_dvmd_tls.o)
                0x00000000080004e8                __aeabi_ldiv0
                0x00000000080004e8                __aeabi_idiv0
 *(.text*)
 .text.main     0x00000000080004ec       0x3c Core/Src/main.o
                0x00000000080004ec                main
 .text.SystemClock_Config
                0x0000000008000528       0xc0 Core/Src/main.o
                0x0000000008000528                SystemClock_Config
 .text.MX_GPIO_Init
                0x00000000080005e8       0x68 Core/Src/main.o
 .text.Error_Handler
                0x0000000008000650        0xe Core/Src/main.o
                0x0000000008000650                Error_Handler
 *fill*         0x000000000800065e        0x2 
 .text.HAL_MspInit
                0x0000000008000660       0x50 Core/Src/stm32f4xx_hal_msp.o
                0x0000000008000660                HAL_MspInit
 .text.NMI_Handler
                0x00000000080006b0        0xe Core/Src/stm32f4xx_it.o
                0x00000000080006b0                NMI_Handler
 .text.HardFault_Handler
                0x00000000080006be        0x6 Core/Src/stm32f4xx_it.o
                0x00000000080006be                HardFault_Handler
 .text.MemManage_Handler
                0x00000000080006c4        0x6 Core/Src/stm32f4xx_it.o
                0x00000000080006c4                MemManage_Handler
 .text.BusFault_Handler
                0x00000000080006ca        0x6 Core/Src/stm32f4xx_it.o
                0x00000000080006ca                BusFault_Handler
 .text.UsageFault_Handler
                0x00000000080006d0        0x6 Core/Src/stm32f4xx_it.o
                0x00000000080006d0                UsageFault_Handler
 .text.SVC_Handler
                0x00000000080006d6        0xe Core/Src/stm32f4xx_it.o
                0x00000000080006d6                SVC_Handler
 .text.DebugMon_Handler
                0x00000000080006e4        0xe Core/Src/stm32f4xx_it.o
                0x00000000080006e4                DebugMon_Handler
 .text.PendSV_Handler
                0x00000000080006f2        0xe Core/Src/stm32f4xx_it.o
                0x00000000080006f2                PendSV_Handler
 .text.SysTick_Handler
                0x0000000008000700        0xc Core/Src/stm32f4xx_it.o
                0x0000000008000700                SysTick_Handler
 .text.SystemInit
                0x000000000800070c       0x2c Core/Src/system_stm32f4xx.o
                0x000000000800070c                SystemInit
 .text.Reset_Handler
                0x0000000008000738       0x50 Core/Startup/startup_stm32f429zitx.o
                0x0000000008000738                Reset_Handler
 .text.Default_Handler
                0x0000000008000788        0x2 Core/Startup/startup_stm32f429zitx.o
                0x0000000008000788                DMA1_Stream3_IRQHandler
                0x0000000008000788                HASH_RNG_IRQHandler
                0x0000000008000788                EXTI2_IRQHandler
                0x0000000008000788                TIM8_CC_IRQHandler
                0x0000000008000788                UART8_IRQHandler
                0x0000000008000788                SPI4_IRQHandler
                0x0000000008000788                TIM1_CC_IRQHandler
                0x0000000008000788                DMA2_Stream5_IRQHandler
                0x0000000008000788                DMA1_Stream5_IRQHandler
                0x0000000008000788                PVD_IRQHandler
                0x0000000008000788                SDIO_IRQHandler
                0x0000000008000788                TAMP_STAMP_IRQHandler
                0x0000000008000788                CAN2_RX1_IRQHandler
                0x0000000008000788                EXTI3_IRQHandler
                0x0000000008000788                TIM8_TRG_COM_TIM14_IRQHandler
                0x0000000008000788                TIM1_UP_TIM10_IRQHandler
                0x0000000008000788                TIM8_UP_TIM13_IRQHandler
                0x0000000008000788                I2C3_ER_IRQHandler
                0x0000000008000788                EXTI0_IRQHandler
                0x0000000008000788                I2C2_EV_IRQHandler
                0x0000000008000788                DMA1_Stream2_IRQHandler
                0x0000000008000788                CAN1_RX0_IRQHandler
                0x0000000008000788                FPU_IRQHandler
                0x0000000008000788                OTG_HS_WKUP_IRQHandler
                0x0000000008000788                LTDC_ER_IRQHandler
                0x0000000008000788                CAN2_SCE_IRQHandler
                0x0000000008000788                DMA2_Stream2_IRQHandler
                0x0000000008000788                SPI1_IRQHandler
                0x0000000008000788                TIM6_DAC_IRQHandler
                0x0000000008000788                TIM1_BRK_TIM9_IRQHandler
                0x0000000008000788                DCMI_IRQHandler
                0x0000000008000788                CAN2_RX0_IRQHandler
                0x0000000008000788                DMA2_Stream3_IRQHandler
                0x0000000008000788                USART6_IRQHandler
                0x0000000008000788                USART3_IRQHandler
                0x0000000008000788                CAN1_RX1_IRQHandler
                0x0000000008000788                UART5_IRQHandler
                0x0000000008000788                DMA2_Stream0_IRQHandler
                0x0000000008000788                TIM4_IRQHandler
                0x0000000008000788                I2C1_EV_IRQHandler
                0x0000000008000788                DMA1_Stream6_IRQHandler
                0x0000000008000788                DMA1_Stream1_IRQHandler
                0x0000000008000788                UART4_IRQHandler
                0x0000000008000788                TIM3_IRQHandler
                0x0000000008000788                RCC_IRQHandler
                0x0000000008000788                TIM8_BRK_TIM12_IRQHandler
                0x0000000008000788                Default_Handler
                0x0000000008000788                EXTI15_10_IRQHandler
                0x0000000008000788                ADC_IRQHandler
                0x0000000008000788                DMA1_Stream7_IRQHandler
                0x0000000008000788                SPI5_IRQHandler
                0x0000000008000788                TIM7_IRQHandler
                0x0000000008000788                CAN2_TX_IRQHandler
                0x0000000008000788                TIM5_IRQHandler
                0x0000000008000788                DMA2_Stream7_IRQHandler
                0x0000000008000788                I2C3_EV_IRQHandler
                0x0000000008000788                EXTI9_5_IRQHandler
                0x0000000008000788                RTC_WKUP_IRQHandler
                0x0000000008000788                LTDC_IRQHandler
                0x0000000008000788                ETH_WKUP_IRQHandler
                0x0000000008000788                SPI2_IRQHandler
                0x0000000008000788                OTG_HS_EP1_IN_IRQHandler
                0x0000000008000788                DMA1_Stream0_IRQHandler
                0x0000000008000788                CAN1_TX_IRQHandler
                0x0000000008000788                EXTI4_IRQHandler
                0x0000000008000788                ETH_IRQHandler
                0x0000000008000788                OTG_HS_EP1_OUT_IRQHandler
                0x0000000008000788                WWDG_IRQHandler
                0x0000000008000788                SPI6_IRQHandler
                0x0000000008000788                TIM2_IRQHandler
                0x0000000008000788                OTG_FS_WKUP_IRQHandler
                0x0000000008000788                TIM1_TRG_COM_TIM11_IRQHandler
                0x0000000008000788                OTG_HS_IRQHandler
                0x0000000008000788                DMA2D_IRQHandler
                0x0000000008000788                EXTI1_IRQHandler
                0x0000000008000788                UART7_IRQHandler
                0x0000000008000788                USART2_IRQHandler
                0x0000000008000788                I2C2_ER_IRQHandler
                0x0000000008000788                DMA2_Stream1_IRQHandler
                0x0000000008000788                CAN1_SCE_IRQHandler
                0x0000000008000788                FLASH_IRQHandler
                0x0000000008000788                DMA2_Stream4_IRQHandler
                0x0000000008000788                USART1_IRQHandler
                0x0000000008000788                OTG_FS_IRQHandler
                0x0000000008000788                SPI3_IRQHandler
                0x0000000008000788                DMA1_Stream4_IRQHandler
                0x0000000008000788                I2C1_ER_IRQHandler
                0x0000000008000788                FMC_IRQHandler
                0x0000000008000788                DMA2_Stream6_IRQHandler
                0x0000000008000788                SAI1_IRQHandler
                0x0000000008000788                RTC_Alarm_IRQHandler
 *fill*         0x000000000800078a        0x2 
 .text.HAL_Init
                0x000000000800078c       0x44 Drivers/STM32F4xx_HAL_Driver/Src/stm32f4xx_hal.o
                0x000000000800078c                HAL_Init
 .text.HAL_InitTick
                0x00000000080007d0       0x60 Drivers/STM32F4xx_HAL_Driver/Src/stm32f4xx_hal.o
                0x00000000080007d0                HAL_InitTick
 .text.HAL_IncTick
                0x0000000008000830       0x28 Drivers/STM32F4xx_HAL_Driver/Src/stm32f4xx_hal.o
                0x0000000008000830                HAL_IncTick
 .text.HAL_GetTick
                0x0000000008000858       0x18 Drivers/STM32F4xx_HAL_Driver/Src/stm32f4xx_hal.o
                0x0000000008000858                HAL_GetTick
 .text.HAL_Delay
                0x0000000008000870       0x44 Drivers/STM32F4xx_HAL_Driver/Src/stm32f4xx_hal.o
                0x0000000008000870                HAL_Delay
 .text.__NVIC_SetPriorityGrouping
                0x00000000080008b4       0x48 Drivers/STM32F4xx_HAL_Driver/Src/stm32f4xx_hal_cortex.o
 .text.__NVIC_GetPriorityGrouping
                0x00000000080008fc       0x1c Drivers/STM32F4xx_HAL_Driver/Src/stm32f4xx_hal_cortex.o
 .text.__NVIC_SetPriority
                0x0000000008000918       0x54 Drivers/STM32F4xx_HAL_Driver/Src/stm32f4xx_hal_cortex.o
 .text.NVIC_EncodePriority
                0x000000000800096c       0x66 Drivers/STM32F4xx_HAL_Driver/Src/stm32f4xx_hal_cortex.o
 *fill*         0x00000000080009d2        0x2 
 .text.SysTick_Config
                0x00000000080009d4       0x44 Drivers/STM32F4xx_HAL_Driver/Src/stm32f4xx_hal_cortex.o
 .text.HAL_NVIC_SetPriorityGrouping
                0x0000000008000a18       0x16 Drivers/STM32F4xx_HAL_Driver/Src/stm32f4xx_hal_cortex.o
                0x0000000008000a18                HAL_NVIC_SetPriorityGrouping
 .text.HAL_NVIC_SetPriority
                0x0000000008000a2e       0x38 Drivers/STM32F4xx_HAL_Driver/Src/stm32f4xx_hal_cortex.o
                0x0000000008000a2e                HAL_NVIC_SetPriority
 .text.HAL_SYSTICK_Config
                0x0000000008000a66       0x18 Drivers/STM32F4xx_HAL_Driver/Src/stm32f4xx_hal_cortex.o
                0x0000000008000a66                HAL_SYSTICK_Config
 *fill*         0x0000000008000a7e        0x2 
 .text.HAL_GPIO_Init
                0x0000000008000a80      0x354 Drivers/STM32F4xx_HAL_Driver/Src/stm32f4xx_hal_gpio.o
                0x0000000008000a80                HAL_GPIO_Init
 .text.HAL_GPIO_WritePin
                0x0000000008000dd4       0x32 Drivers/STM32F4xx_HAL_Driver/Src/stm32f4xx_hal_gpio.o
                0x0000000008000dd4                HAL_GPIO_WritePin
 .text.HAL_GPIO_TogglePin
                0x0000000008000e06       0x36 Drivers/STM32F4xx_HAL_Driver/Src/stm32f4xx_hal_gpio.o
                0x0000000008000e06                HAL_GPIO_TogglePin
 .text.HAL_RCC_OscConfig
                0x0000000008000e3c      0x4e0 Drivers/STM32F4xx_HAL_Driver/Src/stm32f4xx_hal_rcc.o
                0x0000000008000e3c                HAL_RCC_OscConfig
 .text.HAL_RCC_ClockConfig
                0x000000000800131c      0x1cc Drivers/STM32F4xx_HAL_Driver/Src/stm32f4xx_hal_rcc.o
                0x000000000800131c                HAL_RCC_ClockConfig
 .text.HAL_RCC_GetSysClockFreq
                0x00000000080014e8      0x164 Drivers/STM32F4xx_HAL_Driver/Src/stm32f4xx_hal_rcc.o
                0x00000000080014e8                HAL_RCC_GetSysClockFreq
 .text.__libc_init_array
                0x000000000800164c       0x48 /Applications/STM32CubeIDE.app/Contents/Eclipse/plugins/com.st.stm32cube.ide.mcu.externaltools.gnu-tools-for-stm32.7-2018-q2-update.macos64_1.0.0.201904181610/tools/bin/../lib/gcc/arm-none-eabi/7.3.1/../../../../arm-none-eabi/lib/thumb/v7e-m/fpv4-sp/hard/libc_nano.a(lib_a-init.o)
                0x000000000800164c                __libc_init_array
 .text.memset   0x0000000008001694       0x10 /Applications/STM32CubeIDE.app/Contents/Eclipse/plugins/com.st.stm32cube.ide.mcu.externaltools.gnu-tools-for-stm32.7-2018-q2-update.macos64_1.0.0.201904181610/tools/bin/../lib/gcc/arm-none-eabi/7.3.1/../../../../arm-none-eabi/lib/thumb/v7e-m/fpv4-sp/hard/libc_nano.a(lib_a-memset.o)
                0x0000000008001694                memset
 *(.glue_7)
 .glue_7        0x00000000080016a4        0x0 linker stubs
 *(.glue_7t)
 .glue_7t       0x00000000080016a4        0x0 linker stubs
 *(.eh_frame)
 .eh_frame      0x00000000080016a4        0x0 /Applications/STM32CubeIDE.app/Contents/Eclipse/plugins/com.st.stm32cube.ide.mcu.externaltools.gnu-tools-for-stm32.7-2018-q2-update.macos64_1.0.0.201904181610/tools/bin/../lib/gcc/arm-none-eabi/7.3.1/thumb/v7e-m/fpv4-sp/hard/crtbegin.o
 *(.init)
 .init          0x00000000080016a4        0x4 /Applications/STM32CubeIDE.app/Contents/Eclipse/plugins/com.st.stm32cube.ide.mcu.externaltools.gnu-tools-for-stm32.7-2018-q2-update.macos64_1.0.0.201904181610/tools/bin/../lib/gcc/arm-none-eabi/7.3.1/thumb/v7e-m/fpv4-sp/hard/crti.o
                0x00000000080016a4                _init
 .init          0x00000000080016a8        0x8 /Applications/STM32CubeIDE.app/Contents/Eclipse/plugins/com.st.stm32cube.ide.mcu.externaltools.gnu-tools-for-stm32.7-2018-q2-update.macos64_1.0.0.201904181610/tools/bin/../lib/gcc/arm-none-eabi/7.3.1/thumb/v7e-m/fpv4-sp/hard/crtn.o
 *(.fini)
 .fini          0x00000000080016b0        0x4 /Applications/STM32CubeIDE.app/Contents/Eclipse/plugins/com.st.stm32cube.ide.mcu.externaltools.gnu-tools-for-stm32.7-2018-q2-update.macos64_1.0.0.201904181610/tools/bin/../lib/gcc/arm-none-eabi/7.3.1/thumb/v7e-m/fpv4-sp/hard/crti.o
                0x00000000080016b0                _fini
 .fini          0x00000000080016b4        0x8 /Applications/STM32CubeIDE.app/Contents/Eclipse/plugins/com.st.stm32cube.ide.mcu.externaltools.gnu-tools-for-stm32.7-2018-q2-update.macos64_1.0.0.201904181610/tools/bin/../lib/gcc/arm-none-eabi/7.3.1/thumb/v7e-m/fpv4-sp/hard/crtn.o
                0x00000000080016bc                . = ALIGN (0x4)
                0x00000000080016bc                _etext = .

.vfp11_veneer   0x00000000080016bc        0x0
 .vfp11_veneer  0x00000000080016bc        0x0 linker stubs

.v4_bx          0x00000000080016bc        0x0
 .v4_bx         0x00000000080016bc        0x0 linker stubs

.iplt           0x00000000080016bc        0x0
 .iplt          0x00000000080016bc        0x0 /Applications/STM32CubeIDE.app/Contents/Eclipse/plugins/com.st.stm32cube.ide.mcu.externaltools.gnu-tools-for-stm32.7-2018-q2-update.macos64_1.0.0.201904181610/tools/bin/../lib/gcc/arm-none-eabi/7.3.1/thumb/v7e-m/fpv4-sp/hard/crtbegin.o

.rodata         0x00000000080016bc       0x10
                0x00000000080016bc                . = ALIGN (0x4)
 *(.rodata)
 *(.rodata*)
 .rodata.AHBPrescTable
                0x00000000080016bc       0x10 Core/Src/system_stm32f4xx.o
                0x00000000080016bc                AHBPrescTable
                0x00000000080016cc                . = ALIGN (0x4)

.ARM.extab      0x00000000080016cc        0x0
                0x00000000080016cc                . = ALIGN (0x4)
 *(.ARM.extab* .gnu.linkonce.armextab.*)
                0x00000000080016cc                . = ALIGN (0x4)

.ARM            0x00000000080016cc        0x8
                0x00000000080016cc                . = ALIGN (0x4)
                0x00000000080016cc                __exidx_start = .
 *(.ARM.exidx*)
 .ARM.exidx     0x00000000080016cc        0x8 /Applications/STM32CubeIDE.app/Contents/Eclipse/plugins/com.st.stm32cube.ide.mcu.externaltools.gnu-tools-for-stm32.7-2018-q2-update.macos64_1.0.0.201904181610/tools/bin/../lib/gcc/arm-none-eabi/7.3.1/thumb/v7e-m/fpv4-sp/hard/libgcc.a(_udivmoddi4.o)
                0x00000000080016d4                __exidx_end = .
                0x00000000080016d4                . = ALIGN (0x4)

.rel.dyn        0x00000000080016d4        0x0
 .rel.iplt      0x00000000080016d4        0x0 /Applications/STM32CubeIDE.app/Contents/Eclipse/plugins/com.st.stm32cube.ide.mcu.externaltools.gnu-tools-for-stm32.7-2018-q2-update.macos64_1.0.0.201904181610/tools/bin/../lib/gcc/arm-none-eabi/7.3.1/thumb/v7e-m/fpv4-sp/hard/crtbegin.o

.preinit_array  0x00000000080016d4        0x0
                0x00000000080016d4                . = ALIGN (0x4)
                0x00000000080016d4                PROVIDE (__preinit_array_start = .)
 *(.preinit_array*)
                0x00000000080016d4                PROVIDE (__preinit_array_end = .)
                0x00000000080016d4                . = ALIGN (0x4)

.init_array     0x00000000080016d4        0x4
                0x00000000080016d4                . = ALIGN (0x4)
                0x00000000080016d4                PROVIDE (__init_array_start = .)
 *(SORT_BY_NAME(.init_array.*))
 *(.init_array*)
 .init_array    0x00000000080016d4        0x4 /Applications/STM32CubeIDE.app/Contents/Eclipse/plugins/com.st.stm32cube.ide.mcu.externaltools.gnu-tools-for-stm32.7-2018-q2-update.macos64_1.0.0.201904181610/tools/bin/../lib/gcc/arm-none-eabi/7.3.1/thumb/v7e-m/fpv4-sp/hard/crtbegin.o
                0x00000000080016d8                PROVIDE (__init_array_end = .)
                0x00000000080016d8                . = ALIGN (0x4)

.fini_array     0x00000000080016d8        0x4
                0x00000000080016d8                . = ALIGN (0x4)
                [!provide]                        PROVIDE (__fini_array_start = .)
 *(SORT_BY_NAME(.fini_array.*))
 *(.fini_array*)
 .fini_array    0x00000000080016d8        0x4 /Applications/STM32CubeIDE.app/Contents/Eclipse/plugins/com.st.stm32cube.ide.mcu.externaltools.gnu-tools-for-stm32.7-2018-q2-update.macos64_1.0.0.201904181610/tools/bin/../lib/gcc/arm-none-eabi/7.3.1/thumb/v7e-m/fpv4-sp/hard/crtbegin.o
                [!provide]                        PROVIDE (__fini_array_end = .)
                0x00000000080016dc                . = ALIGN (0x4)
                0x00000000080016dc                _sidata = LOADADDR (.data)

.data           0x0000000020000000        0xc load address 0x00000000080016dc
                0x0000000020000000                . = ALIGN (0x4)
                0x0000000020000000                _sdata = .
 *(.data)
 *(.data*)
 .data.SystemCoreClock
                0x0000000020000000        0x4 Core/Src/system_stm32f4xx.o
                0x0000000020000000                SystemCoreClock
 .data.uwTickPrio
                0x0000000020000004        0x4 Drivers/STM32F4xx_HAL_Driver/Src/stm32f4xx_hal.o
                0x0000000020000004                uwTickPrio
 .data.uwTickFreq
                0x0000000020000008        0x1 Drivers/STM32F4xx_HAL_Driver/Src/stm32f4xx_hal.o
                0x0000000020000008                uwTickFreq
                0x000000002000000c                . = ALIGN (0x4)
 *fill*         0x0000000020000009        0x3 
                0x000000002000000c                _edata = .

.igot.plt       0x000000002000000c        0x0 load address 0x00000000080016e8
 .igot.plt      0x000000002000000c        0x0 /Applications/STM32CubeIDE.app/Contents/Eclipse/plugins/com.st.stm32cube.ide.mcu.externaltools.gnu-tools-for-stm32.7-2018-q2-update.macos64_1.0.0.201904181610/tools/bin/../lib/gcc/arm-none-eabi/7.3.1/thumb/v7e-m/fpv4-sp/hard/crtbegin.o
                0x000000002000000c                . = ALIGN (0x4)

.bss            0x000000002000000c       0x20 load address 0x00000000080016e8
                0x000000002000000c                _sbss = .
                0x000000002000000c                __bss_start__ = _sbss
 *(.bss)
 .bss           0x000000002000000c       0x1c /Applications/STM32CubeIDE.app/Contents/Eclipse/plugins/com.st.stm32cube.ide.mcu.externaltools.gnu-tools-for-stm32.7-2018-q2-update.macos64_1.0.0.201904181610/tools/bin/../lib/gcc/arm-none-eabi/7.3.1/thumb/v7e-m/fpv4-sp/hard/crtbegin.o
 *(.bss*)
 *(COMMON)
 COMMON         0x0000000020000028        0x4 Drivers/STM32F4xx_HAL_Driver/Src/stm32f4xx_hal.o
                0x0000000020000028                uwTick
                0x000000002000002c                . = ALIGN (0x4)
                0x000000002000002c                _ebss = .
                0x000000002000002c                __bss_end__ = _ebss

._user_heap_stack
                0x000000002000002c      0x604 load address 0x00000000080016e8
                0x0000000020000030                . = ALIGN (0x8)
 *fill*         0x000000002000002c        0x4 
                0x0000000020000030                PROVIDE (end = .)
                [!provide]                        PROVIDE (_end = .)
                0x0000000020000230                . = (. + _Min_Heap_Size)
 *fill*         0x0000000020000030      0x200 
                0x0000000020000630                . = (. + _Min_Stack_Size)
 *fill*         0x0000000020000230      0x400 
                0x0000000020000630                . = ALIGN (0x8)

/DISCARD/
 libc.a(*)
 libm.a(*)
 libgcc.a(*)

.ARM.attributes
                0x0000000000000000       0x30
 *(.ARM.attributes)
 .ARM.attributes
                0x0000000000000000       0x22 /Applications/STM32CubeIDE.app/Contents/Eclipse/plugins/com.st.stm32cube.ide.mcu.externaltools.gnu-tools-for-stm32.7-2018-q2-update.macos64_1.0.0.201904181610/tools/bin/../lib/gcc/arm-none-eabi/7.3.1/thumb/v7e-m/fpv4-sp/hard/crti.o
 .ARM.attributes
                0x0000000000000022       0x34 /Applications/STM32CubeIDE.app/Contents/Eclipse/plugins/com.st.stm32cube.ide.mcu.externaltools.gnu-tools-for-stm32.7-2018-q2-update.macos64_1.0.0.201904181610/tools/bin/../lib/gcc/arm-none-eabi/7.3.1/thumb/v7e-m/fpv4-sp/hard/crtbegin.o
 .ARM.attributes
                0x0000000000000056       0x39 Core/Src/main.o
 .ARM.attributes
                0x000000000000008f       0x39 Core/Src/stm32f4xx_hal_msp.o
 .ARM.attributes
                0x00000000000000c8       0x39 Core/Src/stm32f4xx_it.o
 .ARM.attributes
                0x0000000000000101       0x39 Core/Src/system_stm32f4xx.o
 .ARM.attributes
                0x000000000000013a       0x21 Core/Startup/startup_stm32f429zitx.o
 .ARM.attributes
                0x000000000000015b       0x39 Drivers/STM32F4xx_HAL_Driver/Src/stm32f4xx_hal.o
 .ARM.attributes
                0x0000000000000194       0x39 Drivers/STM32F4xx_HAL_Driver/Src/stm32f4xx_hal_cortex.o
 .ARM.attributes
                0x00000000000001cd       0x39 Drivers/STM32F4xx_HAL_Driver/Src/stm32f4xx_hal_gpio.o
 .ARM.attributes
                0x0000000000000206       0x39 Drivers/STM32F4xx_HAL_Driver/Src/stm32f4xx_hal_rcc.o
 .ARM.attributes
                0x000000000000023f       0x34 /Applications/STM32CubeIDE.app/Contents/Eclipse/plugins/com.st.stm32cube.ide.mcu.externaltools.gnu-tools-for-stm32.7-2018-q2-update.macos64_1.0.0.201904181610/tools/bin/../lib/gcc/arm-none-eabi/7.3.1/../../../../arm-none-eabi/lib/thumb/v7e-m/fpv4-sp/hard/libc_nano.a(lib_a-init.o)
 .ARM.attributes
                0x0000000000000273       0x34 /Applications/STM32CubeIDE.app/Contents/Eclipse/plugins/com.st.stm32cube.ide.mcu.externaltools.gnu-tools-for-stm32.7-2018-q2-update.macos64_1.0.0.201904181610/tools/bin/../lib/gcc/arm-none-eabi/7.3.1/../../../../arm-none-eabi/lib/thumb/v7e-m/fpv4-sp/hard/libc_nano.a(lib_a-memset.o)
 .ARM.attributes
                0x00000000000002a7       0x22 /Applications/STM32CubeIDE.app/Contents/Eclipse/plugins/com.st.stm32cube.ide.mcu.externaltools.gnu-tools-for-stm32.7-2018-q2-update.macos64_1.0.0.201904181610/tools/bin/../lib/gcc/arm-none-eabi/7.3.1/thumb/v7e-m/fpv4-sp/hard/libgcc.a(_aeabi_uldivmod.o)
 .ARM.attributes
                0x00000000000002c9       0x34 /Applications/STM32CubeIDE.app/Contents/Eclipse/plugins/com.st.stm32cube.ide.mcu.externaltools.gnu-tools-for-stm32.7-2018-q2-update.macos64_1.0.0.201904181610/tools/bin/../lib/gcc/arm-none-eabi/7.3.1/thumb/v7e-m/fpv4-sp/hard/libgcc.a(_udivmoddi4.o)
 .ARM.attributes
                0x00000000000002fd       0x22 /Applications/STM32CubeIDE.app/Contents/Eclipse/plugins/com.st.stm32cube.ide.mcu.externaltools.gnu-tools-for-stm32.7-2018-q2-update.macos64_1.0.0.201904181610/tools/bin/../lib/gcc/arm-none-eabi/7.3.1/thumb/v7e-m/fpv4-sp/hard/libgcc.a(_dvmd_tls.o)
 .ARM.attributes
                0x000000000000031f       0x22 /Applications/STM32CubeIDE.app/Contents/Eclipse/plugins/com.st.stm32cube.ide.mcu.externaltools.gnu-tools-for-stm32.7-2018-q2-update.macos64_1.0.0.201904181610/tools/bin/../lib/gcc/arm-none-eabi/7.3.1/thumb/v7e-m/fpv4-sp/hard/crtn.o
OUTPUT(prj1.elf elf32-littlearm)

.debug_info     0x0000000000000000     0x3aa4
 .debug_info    0x0000000000000000      0x68a Core/Src/main.o
 .debug_info    0x000000000000068a      0x37c Core/Src/stm32f4xx_hal_msp.o
 .debug_info    0x0000000000000a06      0x20a Core/Src/stm32f4xx_it.o
 .debug_info    0x0000000000000c10      0x56e Core/Src/system_stm32f4xx.o
 .debug_info    0x000000000000117e       0x22 Core/Startup/startup_stm32f429zitx.o
 .debug_info    0x00000000000011a0      0x9b9 Drivers/STM32F4xx_HAL_Driver/Src/stm32f4xx_hal.o
 .debug_info    0x0000000000001b59      0xe5e Drivers/STM32F4xx_HAL_Driver/Src/stm32f4xx_hal_cortex.o
 .debug_info    0x00000000000029b7      0x7cf Drivers/STM32F4xx_HAL_Driver/Src/stm32f4xx_hal_gpio.o
 .debug_info    0x0000000000003186      0x91e Drivers/STM32F4xx_HAL_Driver/Src/stm32f4xx_hal_rcc.o

.debug_abbrev   0x0000000000000000      0xd5b
 .debug_abbrev  0x0000000000000000      0x180 Core/Src/main.o
 .debug_abbrev  0x0000000000000180      0x109 Core/Src/stm32f4xx_hal_msp.o
 .debug_abbrev  0x0000000000000289       0xc6 Core/Src/stm32f4xx_it.o
 .debug_abbrev  0x000000000000034f      0x12b Core/Src/system_stm32f4xx.o
 .debug_abbrev  0x000000000000047a       0x12 Core/Startup/startup_stm32f429zitx.o
 .debug_abbrev  0x000000000000048c      0x1c7 Drivers/STM32F4xx_HAL_Driver/Src/stm32f4xx_hal.o
 .debug_abbrev  0x0000000000000653      0x2fa Drivers/STM32F4xx_HAL_Driver/Src/stm32f4xx_hal_cortex.o
 .debug_abbrev  0x000000000000094d      0x1c9 Drivers/STM32F4xx_HAL_Driver/Src/stm32f4xx_hal_gpio.o
 .debug_abbrev  0x0000000000000b16      0x245 Drivers/STM32F4xx_HAL_Driver/Src/stm32f4xx_hal_rcc.o

.debug_aranges  0x0000000000000000      0x400
 .debug_aranges
                0x0000000000000000       0x38 Core/Src/main.o
 .debug_aranges
                0x0000000000000038       0x20 Core/Src/stm32f4xx_hal_msp.o
 .debug_aranges
                0x0000000000000058       0x60 Core/Src/stm32f4xx_it.o
 .debug_aranges
                0x00000000000000b8       0x28 Core/Src/system_stm32f4xx.o
 .debug_aranges
                0x00000000000000e0       0x28 Core/Startup/startup_stm32f429zitx.o
 .debug_aranges
                0x0000000000000108      0x100 Drivers/STM32F4xx_HAL_Driver/Src/stm32f4xx_hal.o
 .debug_aranges
                0x0000000000000208      0x118 Drivers/STM32F4xx_HAL_Driver/Src/stm32f4xx_hal_cortex.o
 .debug_aranges
                0x0000000000000320       0x58 Drivers/STM32F4xx_HAL_Driver/Src/stm32f4xx_hal_gpio.o
 .debug_aranges
                0x0000000000000378       0x88 Drivers/STM32F4xx_HAL_Driver/Src/stm32f4xx_hal_rcc.o

.debug_ranges   0x0000000000000000      0x378
 .debug_ranges  0x0000000000000000       0x28 Core/Src/main.o
 .debug_ranges  0x0000000000000028       0x10 Core/Src/stm32f4xx_hal_msp.o
 .debug_ranges  0x0000000000000038       0x50 Core/Src/stm32f4xx_it.o
 .debug_ranges  0x0000000000000088       0x18 Core/Src/system_stm32f4xx.o
 .debug_ranges  0x00000000000000a0       0x20 Core/Startup/startup_stm32f429zitx.o
 .debug_ranges  0x00000000000000c0       0xf0 Drivers/STM32F4xx_HAL_Driver/Src/stm32f4xx_hal.o
 .debug_ranges  0x00000000000001b0      0x108 Drivers/STM32F4xx_HAL_Driver/Src/stm32f4xx_hal_cortex.o
 .debug_ranges  0x00000000000002b8       0x48 Drivers/STM32F4xx_HAL_Driver/Src/stm32f4xx_hal_gpio.o
 .debug_ranges  0x0000000000000300       0x78 Drivers/STM32F4xx_HAL_Driver/Src/stm32f4xx_hal_rcc.o

.debug_macro    0x0000000000000000    0x21287
 .debug_macro   0x0000000000000000      0x1ba Core/Src/main.o
 .debug_macro   0x00000000000001ba      0xa5a Core/Src/main.o
 .debug_macro   0x0000000000000c14      0x17e Core/Src/main.o
 .debug_macro   0x0000000000000d92       0x2e Core/Src/main.o
 .debug_macro   0x0000000000000dc0       0x28 Core/Src/main.o
 .debug_macro   0x0000000000000de8       0x22 Core/Src/main.o
 .debug_macro   0x0000000000000e0a       0x8e Core/Src/main.o
 .debug_macro   0x0000000000000e98       0x51 Core/Src/main.o
 .debug_macro   0x0000000000000ee9       0xef Core/Src/main.o
 .debug_macro   0x0000000000000fd8       0x6a Core/Src/main.o
 .debug_macro   0x0000000000001042      0x1df Core/Src/main.o
 .debug_macro   0x0000000000001221       0x1c Core/Src/main.o
 .debug_macro   0x000000000000123d       0x22 Core/Src/main.o
 .debug_macro   0x000000000000125f       0xdf Core/Src/main.o
 .debug_macro   0x000000000000133e     0x102d Core/Src/main.o
 .debug_macro   0x000000000000236b      0x11f Core/Src/main.o
 .debug_macro   0x000000000000248a    0x17f69 Core/Src/main.o
 .debug_macro   0x000000000001a3f3       0x43 Core/Src/main.o
 .debug_macro   0x000000000001a436     0x36c9 Core/Src/main.o
 .debug_macro   0x000000000001daff      0x174 Core/Src/main.o
 .debug_macro   0x000000000001dc73       0x5a Core/Src/main.o
 .debug_macro   0x000000000001dccd      0xca5 Core/Src/main.o
 .debug_macro   0x000000000001e972      0x9fe Core/Src/main.o
 .debug_macro   0x000000000001f370      0x182 Core/Src/main.o
 .debug_macro   0x000000000001f4f2      0x117 Core/Src/main.o
 .debug_macro   0x000000000001f609      0x157 Core/Src/main.o
 .debug_macro   0x000000000001f760       0x27 Core/Src/main.o
 .debug_macro   0x000000000001f787      0x287 Core/Src/main.o
 .debug_macro   0x000000000001fa0e       0x5f Core/Src/main.o
 .debug_macro   0x000000000001fa6d      0x236 Core/Src/main.o
 .debug_macro   0x000000000001fca3      0x132 Core/Src/main.o
 .debug_macro   0x000000000001fdd5      0x41d Core/Src/main.o
 .debug_macro   0x00000000000201f2       0x2e Core/Src/main.o
 .debug_macro   0x0000000000020220      0x11a Core/Src/main.o
 .debug_macro   0x000000000002033a       0xe2 Core/Src/main.o
 .debug_macro   0x000000000002041c       0x89 Core/Src/main.o
 .debug_macro   0x00000000000204a5      0x134 Core/Src/main.o
 .debug_macro   0x00000000000205d9      0x1ba Core/Src/stm32f4xx_hal_msp.o
 .debug_macro   0x0000000000020793      0x1c4 Core/Src/stm32f4xx_it.o
 .debug_macro   0x0000000000020957      0x1b6 Core/Src/system_stm32f4xx.o
 .debug_macro   0x0000000000020b0d      0x210 Drivers/STM32F4xx_HAL_Driver/Src/stm32f4xx_hal.o
 .debug_macro   0x0000000000020d1d      0x1b0 Drivers/STM32F4xx_HAL_Driver/Src/stm32f4xx_hal_cortex.o
 .debug_macro   0x0000000000020ecd      0x1e6 Drivers/STM32F4xx_HAL_Driver/Src/stm32f4xx_hal_gpio.o
 .debug_macro   0x00000000000210b3      0x1d4 Drivers/STM32F4xx_HAL_Driver/Src/stm32f4xx_hal_rcc.o

.debug_line     0x0000000000000000     0x4093
 .debug_line    0x0000000000000000      0x6fc Core/Src/main.o
 .debug_line    0x00000000000006fc      0x6a8 Core/Src/stm32f4xx_hal_msp.o
 .debug_line    0x0000000000000da4      0x74c Core/Src/stm32f4xx_it.o
 .debug_line    0x00000000000014f0      0x6c3 Core/Src/system_stm32f4xx.o
 .debug_line    0x0000000000001bb3       0x85 Core/Startup/startup_stm32f429zitx.o
 .debug_line    0x0000000000001c38      0x8d1 Drivers/STM32F4xx_HAL_Driver/Src/stm32f4xx_hal.o
 .debug_line    0x0000000000002509      0x9d1 Drivers/STM32F4xx_HAL_Driver/Src/stm32f4xx_hal_cortex.o
 .debug_line    0x0000000000002eda      0x8b4 Drivers/STM32F4xx_HAL_Driver/Src/stm32f4xx_hal_gpio.o
 .debug_line    0x000000000000378e      0x905 Drivers/STM32F4xx_HAL_Driver/Src/stm32f4xx_hal_rcc.o

.debug_str      0x0000000000000000    0xc9f84
 .debug_str     0x0000000000000000    0xc8a8b Core/Src/main.o
                                      0xc8d13 (size before relaxing)
 .debug_str     0x00000000000c8a8b       0x2c Core/Src/stm32f4xx_hal_msp.o
                                      0xc8b1c (size before relaxing)
 .debug_str     0x00000000000c8ab7       0xbd Core/Src/stm32f4xx_it.o
                                      0xc8a97 (size before relaxing)
 .debug_str     0x00000000000c8b74       0xc4 Core/Src/system_stm32f4xx.o
                                      0xc8ba3 (size before relaxing)
 .debug_str     0x00000000000c8c38       0x36 Core/Startup/startup_stm32f429zitx.o
                                         0x69 (size before relaxing)
 .debug_str     0x00000000000c8c6e      0xb07 Drivers/STM32F4xx_HAL_Driver/Src/stm32f4xx_hal.o
                                      0xc970f (size before relaxing)
 .debug_str     0x00000000000c9775      0x3aa Drivers/STM32F4xx_HAL_Driver/Src/stm32f4xx_hal_cortex.o
                                      0xc94b0 (size before relaxing)
 .debug_str     0x00000000000c9b1f      0x20c Drivers/STM32F4xx_HAL_Driver/Src/stm32f4xx_hal_gpio.o
                                      0xc8de2 (size before relaxing)
 .debug_str     0x00000000000c9d2b      0x259 Drivers/STM32F4xx_HAL_Driver/Src/stm32f4xx_hal_rcc.o
                                      0xc8f90 (size before relaxing)

.comment        0x0000000000000000       0x7b
 .comment       0x0000000000000000       0x7b Core/Src/main.o
                                         0x7c (size before relaxing)
 .comment       0x000000000000007b       0x7c Core/Src/stm32f4xx_hal_msp.o
 .comment       0x000000000000007b       0x7c Core/Src/stm32f4xx_it.o
 .comment       0x000000000000007b       0x7c Core/Src/system_stm32f4xx.o
 .comment       0x000000000000007b       0x7c Drivers/STM32F4xx_HAL_Driver/Src/stm32f4xx_hal.o
 .comment       0x000000000000007b       0x7c Drivers/STM32F4xx_HAL_Driver/Src/stm32f4xx_hal_cortex.o
 .comment       0x000000000000007b       0x7c Drivers/STM32F4xx_HAL_Driver/Src/stm32f4xx_hal_gpio.o
 .comment       0x000000000000007b       0x7c Drivers/STM32F4xx_HAL_Driver/Src/stm32f4xx_hal_rcc.o

.debug_frame    0x0000000000000000      0xe64
 .debug_frame   0x0000000000000000       0x94 Core/Src/main.o
 .debug_frame   0x0000000000000094       0x38 Core/Src/stm32f4xx_hal_msp.o
 .debug_frame   0x00000000000000cc      0x10c Core/Src/stm32f4xx_it.o
 .debug_frame   0x00000000000001d8       0x58 Core/Src/system_stm32f4xx.o
 .debug_frame   0x0000000000000230      0x3b4 Drivers/STM32F4xx_HAL_Driver/Src/stm32f4xx_hal.o
 .debug_frame   0x00000000000005e4      0x498 Drivers/STM32F4xx_HAL_Driver/Src/stm32f4xx_hal_cortex.o
 .debug_frame   0x0000000000000a7c      0x14c Drivers/STM32F4xx_HAL_Driver/Src/stm32f4xx_hal_gpio.o
 .debug_frame   0x0000000000000bc8      0x1f0 Drivers/STM32F4xx_HAL_Driver/Src/stm32f4xx_hal_rcc.o
 .debug_frame   0x0000000000000db8       0x2c /Applications/STM32CubeIDE.app/Contents/Eclipse/plugins/com.st.stm32cube.ide.mcu.externaltools.gnu-tools-for-stm32.7-2018-q2-update.macos64_1.0.0.201904181610/tools/bin/../lib/gcc/arm-none-eabi/7.3.1/../../../../arm-none-eabi/lib/thumb/v7e-m/fpv4-sp/hard/libc_nano.a(lib_a-init.o)
 .debug_frame   0x0000000000000de4       0x20 /Applications/STM32CubeIDE.app/Contents/Eclipse/plugins/com.st.stm32cube.ide.mcu.externaltools.gnu-tools-for-stm32.7-2018-q2-update.macos64_1.0.0.201904181610/tools/bin/../lib/gcc/arm-none-eabi/7.3.1/../../../../arm-none-eabi/lib/thumb/v7e-m/fpv4-sp/hard/libc_nano.a(lib_a-memset.o)
 .debug_frame   0x0000000000000e04       0x2c /Applications/STM32CubeIDE.app/Contents/Eclipse/plugins/com.st.stm32cube.ide.mcu.externaltools.gnu-tools-for-stm32.7-2018-q2-update.macos64_1.0.0.201904181610/tools/bin/../lib/gcc/arm-none-eabi/7.3.1/thumb/v7e-m/fpv4-sp/hard/libgcc.a(_aeabi_uldivmod.o)
 .debug_frame   0x0000000000000e30       0x34 /Applications/STM32CubeIDE.app/Contents/Eclipse/plugins/com.st.stm32cube.ide.mcu.externaltools.gnu-tools-for-stm32.7-2018-q2-update.macos64_1.0.0.201904181610/tools/bin/../lib/gcc/arm-none-eabi/7.3.1/thumb/v7e-m/fpv4-sp/hard/libgcc.a(_udivmoddi4.o)
